// Jest Snapshot v1, https://goo.gl/fbAQLP

exports[`Feedback renders correctly 1`] = `<Connect(Feedback) />`;
