// Jest Snapshot v1, https://goo.gl/fbAQLP

exports[`Header renders correctly 1`] = `
.c0 {
  left: 0%;
  padding: 1.5rem;
  position: fixed;
  right: 0;
  top: 0;
  height: 4.8rem;
  -webkit-transform: translate3d(0,0,0);
  -ms-transform: translate3d(0,0,0);
  transform: translate3d(0,0,0);
  z-index: 4;
}

.c0 .logo {
  display: -webkit-box;
  display: -webkit-flex;
  display: -ms-flexbox;
  display: flex;
  -webkit-align-items: center;
  -webkit-box-align: center;
  -ms-flex-align: center;
  align-items: center;
}

.c0 .logo__image {
  cursor: pointer;
  width: 5.2rem;
  height: 2.1rem;
  margin: 0.7rem 1.5rem 0.7rem 0;
}

.c0 .logo__image svg {
  display: block;
  width: 100%;
}

@media (min-width:992px) and (min-height:0px) {
  .c0 {
    padding: 3rem;
    background: none;
    border: none;
    height: auto;
  }
}

@media (min-width:992px) and (min-height:0px) {
  .c0 .logo__image {
    width: 6.9rem;
    height: 2.8rem;
    margin: 0 2rem 0 0;
  }
}

<Connect(Header)>
  <Header
    goHome={[Function]}
    toggleVideoCollapse={[Function]}
  >
    <Header__StyledHeader
      goHome={[Function]}
      toggleVideoCollapse={[Function]}
    >
      <StyledComponent
        forwardedComponent={
          Object {
            "$$typeof": Symbol(react.forward_ref),
            "attrs": Array [],
            "componentStyle": ComponentStyle {
              "componentId": "Header__StyledHeader-sc-18ooop5-0",
              "isStatic": false,
              "lastClassName": "c0",
              "rules": Array [
                "left:0%;padding:1.5rem;position:fixed;right:0;top:0;height:4.8rem;transform:translate3d(0,0,0);z-index:4;",
                "@media (min-width:",
                "992",
                "px) and (min-height:",
                "0",
                "px){",
                "
        padding: 3rem;
        background: none;
        border: none;
        height: auto;
    ",
                "}",
                " .logo{display:flex;align-items:center;}.logo__image{cursor:pointer;width:5.2rem;height:2.1rem;margin:0.7rem 1.5rem 0.7rem 0;",
                "@media (min-width:",
                "992",
                "px) and (min-height:",
                "0",
                "px){",
                "
            width: 6.9rem;
            height: 2.8rem;
            margin: 0 2rem 0 0;
        ",
                "}",
                " svg{display:block;width:100%;}}",
              ],
            },
            "displayName": "Header__StyledHeader",
            "foldedComponentIds": Array [],
            "render": [Function],
            "styledComponentId": "Header__StyledHeader-sc-18ooop5-0",
            "target": "header",
            "toString": [Function],
            "usesTheme": false,
            "warnTooManyClasses": [Function],
            "withComponent": [Function],
          }
        }
        forwardedRef={null}
        goHome={[Function]}
        toggleVideoCollapse={[Function]}
      >
        <header
          className="c0"
        >
          <div
            className="logo"
          >
            <ReactSVG
              className="logo__image"
              evalScripts="never"
              fallback={null}
              loading={null}
              onClick={[Function]}
              onInjected={[Function]}
              renumerateIRIElements={true}
              src="mock-file"
              svgClassName={null}
              svgStyle={Object {}}
              wrapper="div"
            >
              <div
                className="logo__image"
                onClick={[Function]}
              />
            </ReactSVG>
          </div>
        </header>
      </StyledComponent>
    </Header__StyledHeader>
  </Header>
</Connect(Header)>
`;
