// Jest Snapshot v1, https://goo.gl/fbAQLP

exports[`Loader renders correctly 1`] = `
<Loader__StyledLoader>
  <svg
    viewBox="25 25 50 50"
  >
    <circle
      cx="50"
      cy="50"
      r="20"
    />
  </svg>
</Loader__StyledLoader>
`;
